[33mΓ¥»[39m Building...
[32mΓ£ö[39m Building...
[1mInitial chunk files[22m[2m | [22m[1mNames[22m                  [2m | [22m [1mRaw size[22m[2m | [22m[1mEstimated transfer size[22m
[32mmain-5JN5XGFS.js[39m   [2m | [22m[2mmain[22m                   [2m | [22m[36m515.25 kB[39m[2m | [22m              [36m131.86 kB[39m
[32mchunk-K4LLNF6R.js[39m  [2m | [22m[2m-[22m                      [2m | [22m[36m196.59 kB[39m[2m | [22m               [36m56.54 kB[39m
[32mchunk-QFSSGLM3.js[39m  [2m | [22m[2m-[22m                      [2m | [22m [36m94.90 kB[39m[2m | [22m               [36m23.86 kB[39m
[32mstyles-X7EXAV3W.css[39m[2m | [22m[2mstyles[22m                 [2m | [22m [36m57.12 kB[39m[2m | [22m                [36m7.83 kB[39m
[32mchunk-V7JIFMJ4.js[39m  [2m | [22m[2m-[22m                      [2m | [22m [36m46.63 kB[39m[2m | [22m                [36m9.40 kB[39m
[32mchunk-QCUJAN2B.js[39m  [2m | [22m[2m-[22m                      [2m | [22m  [36m1.11 kB[39m[2m | [22m              [36m388 bytes[39m
[32mchunk-KAT7YFEL.js[39m  [2m | [22m[2m-[22m                      [2m | [22m[36m898 bytes[39m[2m | [22m              [36m898 bytes[39m
[32mchunk-LD3SAZMS.js[39m  [2m | [22m[2m-[22m                      [2m | [22m[36m705 bytes[39m[2m | [22m              [36m705 bytes[39m
[32mchunk-5EOPGORL.js[39m  [2m | [22m[2m-[22m                      [2m | [22m[36m619 bytes[39m[2m | [22m              [36m619 bytes[39m
[32mchunk-Q7XIJDWB.js[39m  [2m | [22m[2m-[22m                      [2m | [22m[36m487 bytes[39m[2m | [22m              [36m487 bytes[39m
[32mchunk-FK6H3RFT.js[39m  [2m | [22m[2m-[22m                      [2m | [22m[36m272 bytes[39m[2m | [22m              [36m272 bytes[39m

[1m [22m                  [2m | [22m[1mInitial total[22m          [2m | [22m[1m[93m914.59 kB[39m[22m[2m | [22m              [1m232.87 kB[22m

[1mLazy chunk files[22m   [2m | [22m[1mNames[22m                  [2m | [22m [1mRaw size[22m[2m | [22m[1mEstimated transfer size[22m
[32mchunk-HFUUKKBZ.js[39m  [2m | [22m[2mhtml2canvas[22m            [2m | [22m[36m202.84 kB[39m[2m | [22m               [36m38.52 kB[39m
[32mchunk-FNHT6NBC.js[39m  [2m | [22m[2mindex-es[22m               [2m | [22m[36m158.71 kB[39m[2m | [22m               [36m46.89 kB[39m
[32mchunk-2FIZQPG6.js[39m  [2m | [22m[2mpurify-es[22m              [2m | [22m [36m22.50 kB[39m[2m | [22m                [36m7.77 kB[39m
[32mchunk-EL6MY36M.js[39m  [2m | [22m[2mpolicies-component[22m     [2m | [22m [36m14.16 kB[39m[2m | [22m                [36m3.35 kB[39m
[32mchunk-RSV5CC5U.js[39m  [2m | [22m[2mrequests-component[22m     [2m | [22m [36m10.28 kB[39m[2m | [22m                [36m2.94 kB[39m
[32mchunk-3XYGGSB6.js[39m  [2m | [22m[2mpolicyholders-component[22m[2m | [22m  [36m9.29 kB[39m[2m | [22m                [36m2.54 kB[39m
[32mchunk-RFWJXCV6.js[39m  [2m | [22m[2mrequests-component[22m     [2m | [22m  [36m8.74 kB[39m[2m | [22m                [36m2.67 kB[39m
[32mchunk-XHQRV7LL.js[39m  [2m | [22m[2moverview-component[22m     [2m | [22m  [36m7.29 kB[39m[2m | [22m                [36m2.26 kB[39m
[32mchunk-MPOXDKYK.js[39m  [2m | [22m[2moverview-component[22m     [2m | [22m  [36m7.24 kB[39m[2m | [22m                [36m2.32 kB[39m
[32mchunk-TPVIZKBM.js[39m  [2m | [22m[2moverview-component[22m     [2m | [22m  [36m5.06 kB[39m[2m | [22m                [36m1.57 kB[39m
[32mchunk-S37QNDPQ.js[39m  [2m | [22m[2mrequests-component[22m     [2m | [22m  [36m4.18 kB[39m[2m | [22m                [36m1.44 kB[39m
[32mchunk-TZP52DXJ.js[39m  [2m | [22m[2musers-component[22m        [2m | [22m  [36m2.99 kB[39m[2m | [22m                [36m1.16 kB[39m
[32mchunk-UZKBEFRY.js[39m  [2m | [22m[2mclaim-officer[22m          [2m | [22m  [36m2.69 kB[39m[2m | [22m                [36m1.02 kB[39m
[32mchunk-MJ6WGD2Z.js[39m  [2m | [22m[2m-[22m                      [2m | [22m  [36m1.18 kB[39m[2m | [22m              [36m435 bytes[39m

Application bundle generation complete. [17.863 seconds] - 2026-03-09T17:11:20.388Z

npx : [1m[33m[33mΓû▓ [43;33m[[
43;30mWARNING[43;33m][0m 
[1mbundle initial exceeded 
maximum budget. Budget 500.00 kB 
was not met by 414.59 kB with a 
total of 914.59 kB.[0m
At line:1 char:1
+ npx ng build > build_output.log 
2>&1
+ ~~~~~~~~~~~~~~~~~~~~~~~~~~~~~~~~~
~~~
    + CategoryInfo          : NotS 
   pecified: ([1m[33m[33mΓ...   
  914.59 kB.[0m:String) [], Rem   
 oteException
    + FullyQualifiedErrorId : Nati 
   veCommandError
 


[33mΓû▓ [43;33m[[43;30mWARNING[
43;33m][0m [1mModule 
'core-js/modules/es.promise.js' 
used by 'node_modules/canvg/lib/ind
ex.es.js' is not ESM[0m

  CommonJS or AMD dependencies can 
cause optimization bailouts.
  For more information see: [4mhtt
ps://angular.dev/tools/cli/build#co
nfiguring-commonjs-dependencies[0m


[33mΓû▓ [43;33m[[43;30mWARNING[
43;33m][0m [1mModule 'core-js/mod
ules/es.string.match.js' used by 'n
ode_modules/canvg/lib/index.es.js' 
is not ESM[0m

  CommonJS or AMD dependencies can 
cause optimization bailouts.
  For more information see: [4mhtt
ps://angular.dev/tools/cli/build#co
nfiguring-commonjs-dependencies[0m


[33mΓû▓ [43;33m[[43;30mWARNING[
43;33m][0m [1mModule 'core-js/mod
ules/es.string.replace.js' used by 
'node_modules/canvg/lib/index.es.js
' is not ESM[0m

  CommonJS or AMD dependencies can 
cause optimization bailouts.
  For more information see: [4mhtt
ps://angular.dev/tools/cli/build#co
nfiguring-commonjs-dependencies[0m


[33mΓû▓ [43;33m[[43;30mWARNING[
43;33m][0m [1mModule 'core-js/mod
ules/es.string.starts-with.js' 
used by 'node_modules/canvg/lib/ind
ex.es.js' is not ESM[0m

  CommonJS or AMD dependencies can 
cause optimization bailouts.
  For more information see: [4mhtt
ps://angular.dev/tools/cli/build#co
nfiguring-commonjs-dependencies[0m


[33mΓû▓ [43;33m[[43;30mWARNING[
43;33m][0m [1mModule 'core-js/mod
ules/es.array.iterator.js' used by 
'node_modules/canvg/lib/index.es.js
' is not ESM[0m

  CommonJS or AMD dependencies can 
cause optimization bailouts.
  For more information see: [4mhtt
ps://angular.dev/tools/cli/build#co
nfiguring-commonjs-dependencies[0m


[33mΓû▓ [43;33m[[43;30mWARNING[
43;33m][0m [1mModule 'core-js/mod
ules/web.dom-collections.iterator.j
s' used by 'node_modules/canvg/lib/
index.es.js' is not ESM[0m

  CommonJS or AMD dependencies can 
cause optimization bailouts.
  For more information see: [4mhtt
ps://angular.dev/tools/cli/build#co
nfiguring-commonjs-dependencies[0m


[33mΓû▓ [43;33m[[43;30mWARNING[
43;33m][0m [1mModule 'core-js/mod
ules/es.array.reduce.js' used by 'n
ode_modules/canvg/lib/index.es.js' 
is not ESM[0m

  CommonJS or AMD dependencies can 
cause optimization bailouts.
  For more information see: [4mhtt
ps://angular.dev/tools/cli/build#co
nfiguring-commonjs-dependencies[0m


[33mΓû▓ [43;33m[[43;30mWARNING[
43;33m][0m [1mModule 'core-js/mod
ules/es.string.ends-with.js' used 
by 'node_modules/canvg/lib/index.es
.js' is not ESM[0m

  CommonJS or AMD dependencies can 
cause optimization bailouts.
  For more information see: [4mhtt
ps://angular.dev/tools/cli/build#co
nfiguring-commonjs-dependencies[0m


[33mΓû▓ [43;33m[[43;30mWARNING[
43;33m][0m [1mModule 'core-js/mod
ules/es.string.split.js' used by 'n
ode_modules/canvg/lib/index.es.js' 
is not ESM[0m

  CommonJS or AMD dependencies can 
cause optimization bailouts.
  For more information see: [4mhtt
ps://angular.dev/tools/cli/build#co
nfiguring-commonjs-dependencies[0m


[33mΓû▓ [43;33m[[43;30mWARNING[
43;33m][0m [1mModule 'raf' used 
by 'node_modules/canvg/lib/index.es
.js' is not ESM[0m

  CommonJS or AMD dependencies can 
cause optimization bailouts.
  For more information see: [4mhtt
ps://angular.dev/tools/cli/build#co
nfiguring-commonjs-dependencies[0m


[33mΓû▓ [43;33m[[43;30mWARNING[
43;33m][0m [1mModule 'core-js/mod
ules/es.string.trim.js' used by 'no
de_modules/canvg/lib/index.es.js' 
is not ESM[0m

  CommonJS or AMD dependencies can 
cause optimization bailouts.
  For more information see: [4mhtt
ps://angular.dev/tools/cli/build#co
nfiguring-commonjs-dependencies[0m


[33mΓû▓ [43;33m[[43;30mWARNING[
43;33m][0m [1mModule 'rgbcolor' 
used by 'node_modules/canvg/lib/ind
ex.es.js' is not ESM[0m

  CommonJS or AMD dependencies can 
cause optimization bailouts.
  For more information see: [4mhtt
ps://angular.dev/tools/cli/build#co
nfiguring-commonjs-dependencies[0m


[33mΓû▓ [43;33m[[43;30mWARNING[
43;33m][0m [1mModule 'core-js/mod
ules/es.array.index-of.js' used by 
'node_modules/canvg/lib/index.es.js
' is not ESM[0m

  CommonJS or AMD dependencies can 
cause optimization bailouts.
  For more information see: [4mhtt
ps://angular.dev/tools/cli/build#co
nfiguring-commonjs-dependencies[0m


[33mΓû▓ [43;33m[[43;30mWARNING[
43;33m][0m [1mModule 'core-js/mod
ules/es.string.includes.js' used 
by 'node_modules/canvg/lib/index.es
.js' is not ESM[0m

  CommonJS or AMD dependencies can 
cause optimization bailouts.
  For more information see: [4mhtt
ps://angular.dev/tools/cli/build#co
nfiguring-commonjs-dependencies[0m


[33mΓû▓ [43;33m[[43;30mWARNING[
43;33m][0m [1mModule 'core-js/mod
ules/es.array.reverse.js' used by '
node_modules/canvg/lib/index.es.js'
 is not ESM[0m

  CommonJS or AMD dependencies can 
cause optimization bailouts.
  For more information see: [4mhtt
ps://angular.dev/tools/cli/build#co
nfiguring-commonjs-dependencies[0m


[33mΓû▓ [43;33m[[43;30mWARNING[
43;33m][0m [1mModule 'core-js/mod
ules/es.regexp.to-string.js' used 
by 'node_modules/canvg/lib/index.es
.js' is not ESM[0m

  CommonJS or AMD dependencies can 
cause optimization bailouts.
  For more information see: [4mhtt
ps://angular.dev/tools/cli/build#co
nfiguring-commonjs-dependencies[0m


[33mΓû▓ [43;33m[[43;30mWARNING[
43;33m][0m [1mModule 
'html2canvas' used by 'node_modules
/jspdf/dist/jspdf.es.min.js' is 
not ESM[0m

  CommonJS or AMD dependencies can 
cause optimization bailouts.
  For more information see: [4mhtt
ps://angular.dev/tools/cli/build#co
nfiguring-commonjs-dependencies[0m

[39m[22m
Output location: D:\updatedcapstone\Insurance\frontend\dist\frontend

